listening on http://127.0.0.1:8082
connect to 127.0.0.1:8082
HTTP/1.1 200 OK
content-type: text/event-stream

data: 0

data: 1

data: 2

data: 3

data: 4

data: 5

data: 6

data: 7

data: 8

data: 9

success
